Archive member included because of file (symbol)

c:/program files (x86)/atollic/truestudio for arm 5.4.0/armtools/bin/../lib/gcc/arm-atollic-eabi/4.8.3/../../../../arm-atollic-eabi/lib/armv7-m\libc.a(lib_a-init.o)
                              Application\TrueSTUDIO\startup_stm32f103xb.o (__libc_init_array)

Allocating common symbols
Common symbol       size              file

huart3              0x40              Application\User\main.o
hi2c1               0x3c              Application\User\main.o
hiwdg               0x10              Application\User\main.o
hcrc                0x8               Application\User\main.o
hcan                0x40              Application\User\main.o
pFlash              0x20              Drivers\STM32F1xx_HAL_Driver\stm32f1xx_hal_flash.o
hadc1               0x30              Application\User\main.o
huart1              0x40              Application\User\main.o

Discarded input sections

 .text          0x00000000        0x0 c:/program files (x86)/atollic/truestudio for arm 5.4.0/armtools/bin/../lib/gcc/arm-atollic-eabi/4.8.3/armv7-m/crti.o
 .data          0x00000000        0x0 c:/program files (x86)/atollic/truestudio for arm 5.4.0/armtools/bin/../lib/gcc/arm-atollic-eabi/4.8.3/armv7-m/crti.o
 .bss           0x00000000        0x0 c:/program files (x86)/atollic/truestudio for arm 5.4.0/armtools/bin/../lib/gcc/arm-atollic-eabi/4.8.3/armv7-m/crti.o
 .data          0x00000000        0x4 c:/program files (x86)/atollic/truestudio for arm 5.4.0/armtools/bin/../lib/gcc/arm-atollic-eabi/4.8.3/armv7-m/crtbegin.o
 .text          0x00000000        0x0 Drivers\STM32F1xx_HAL_Driver\stm32f1xx_hal_uart.o
 .data          0x00000000        0x0 Drivers\STM32F1xx_HAL_Driver\stm32f1xx_hal_uart.o
 .bss           0x00000000        0x0 Drivers\STM32F1xx_HAL_Driver\stm32f1xx_hal_uart.o
 .text.HAL_UART_Init
                0x00000000       0x94 Drivers\STM32F1xx_HAL_Driver\stm32f1xx_hal_uart.o
 .text.HAL_HalfDuplex_Init
                0x00000000       0xa4 Drivers\STM32F1xx_HAL_Driver\stm32f1xx_hal_uart.o
 .text.HAL_LIN_Init
                0x00000000       0xb8 Drivers\STM32F1xx_HAL_Driver\stm32f1xx_hal_uart.o
 .text.HAL_MultiProcessor_Init
                0x00000000       0xc0 Drivers\STM32F1xx_HAL_Driver\stm32f1xx_hal_uart.o
 .text.HAL_UART_DeInit
                0x00000000       0x68 Drivers\STM32F1xx_HAL_Driver\stm32f1xx_hal_uart.o
 .text.HAL_UART_MspInit
                0x00000000       0x14 Drivers\STM32F1xx_HAL_Driver\stm32f1xx_hal_uart.o
 .text.HAL_UART_MspDeInit
                0x00000000       0x14 Drivers\STM32F1xx_HAL_Driver\stm32f1xx_hal_uart.o
 .text.HAL_UART_Transmit
                0x00000000      0x150 Drivers\STM32F1xx_HAL_Driver\stm32f1xx_hal_uart.o
 .text.HAL_UART_Receive
                0x00000000      0x170 Drivers\STM32F1xx_HAL_Driver\stm32f1xx_hal_uart.o
 .text.HAL_UART_Transmit_IT
                0x00000000       0xc0 Drivers\STM32F1xx_HAL_Driver\stm32f1xx_hal_uart.o
 .text.HAL_UART_Receive_IT
                0x00000000       0xd0 Drivers\STM32F1xx_HAL_Driver\stm32f1xx_hal_uart.o
 .text.HAL_UART_Transmit_DMA
                0x00000000       0xf4 Drivers\STM32F1xx_HAL_Driver\stm32f1xx_hal_uart.o
 .text.HAL_UART_Receive_DMA
                0x00000000       0xe4 Drivers\STM32F1xx_HAL_Driver\stm32f1xx_hal_uart.o
 .text.HAL_UART_DMAPause
                0x00000000       0x9c Drivers\STM32F1xx_HAL_Driver\stm32f1xx_hal_uart.o
 .text.HAL_UART_DMAResume
                0x00000000       0xc0 Drivers\STM32F1xx_HAL_Driver\stm32f1xx_hal_uart.o
 .text.HAL_UART_DMAStop
                0x00000000       0x50 Drivers\STM32F1xx_HAL_Driver\stm32f1xx_hal_uart.o
 .text.HAL_UART_IRQHandler
                0x00000000      0x1e0 Drivers\STM32F1xx_HAL_Driver\stm32f1xx_hal_uart.o
 .text.HAL_UART_TxCpltCallback
                0x00000000       0x14 Drivers\STM32F1xx_HAL_Driver\stm32f1xx_hal_uart.o
 .text.HAL_UART_TxHalfCpltCallback
                0x00000000       0x14 Drivers\STM32F1xx_HAL_Driver\stm32f1xx_hal_uart.o
 .text.HAL_UART_RxCpltCallback
                0x00000000       0x14 Drivers\STM32F1xx_HAL_Driver\stm32f1xx_hal_uart.o
 .text.HAL_UART_RxHalfCpltCallback
                0x00000000       0x14 Drivers\STM32F1xx_HAL_Driver\stm32f1xx_hal_uart.o
 .text.HAL_UART_ErrorCallback
                0x00000000       0x14 Drivers\STM32F1xx_HAL_Driver\stm32f1xx_hal_uart.o
 .text.HAL_LIN_SendBreak
                0x00000000       0x54 Drivers\STM32F1xx_HAL_Driver\stm32f1xx_hal_uart.o
 .text.HAL_MultiProcessor_EnterMuteMode
                0x00000000       0x54 Drivers\STM32F1xx_HAL_Driver\stm32f1xx_hal_uart.o
 .text.HAL_MultiProcessor_ExitMuteMode
                0x00000000       0x54 Drivers\STM32F1xx_HAL_Driver\stm32f1xx_hal_uart.o
 .text.HAL_HalfDuplex_EnableTransmitter
                0x00000000       0x58 Drivers\STM32F1xx_HAL_Driver\stm32f1xx_hal_uart.o
 .text.HAL_HalfDuplex_EnableReceiver
                0x00000000       0x58 Drivers\STM32F1xx_HAL_Driver\stm32f1xx_hal_uart.o
[...]
Memory Configuration

Name             Origin             Length             Attributes
FLASH            0x08000000         0x00010000         xr
RAM              0x20000000         0x00005000         xrw
*default*        0x00000000         0xffffffff

Linker script and memory map

LOAD c:/program files (x86)/atollic/truestudio for arm 5.4.0/armtools/bin/../lib/gcc/arm-atollic-eabi/4.8.3/armv7-m/crti.o
LOAD c:/program files (x86)/atollic/truestudio for arm 5.4.0/armtools/bin/../lib/gcc/arm-atollic-eabi/4.8.3/armv7-m/crtbegin.o
LOAD Drivers\STM32F1xx_HAL_Driver\stm32f1xx_hal_uart.o
LOAD Drivers\STM32F1xx_HAL_Driver\stm32f1xx_hal_rcc_ex.o
LOAD Drivers\STM32F1xx_HAL_Driver\stm32f1xx_hal_rcc.o
LOAD Drivers\STM32F1xx_HAL_Driver\stm32f1xx_hal_pwr.o
LOAD Drivers\STM32F1xx_HAL_Driver\stm32f1xx_hal_iwdg.o
LOAD Drivers\STM32F1xx_HAL_Driver\stm32f1xx_hal_i2c.o
LOAD Drivers\STM32F1xx_HAL_Driver\stm32f1xx_hal_gpio_ex.o
LOAD Drivers\STM32F1xx_HAL_Driver\stm32f1xx_hal_gpio.o
LOAD Drivers\STM32F1xx_HAL_Driver\stm32f1xx_hal_flash_ex.o
LOAD Drivers\STM32F1xx_HAL_Driver\stm32f1xx_hal_flash.o
LOAD Drivers\STM32F1xx_HAL_Driver\stm32f1xx_hal_dma.o
LOAD Drivers\STM32F1xx_HAL_Driver\stm32f1xx_hal_crc.o
LOAD Drivers\STM32F1xx_HAL_Driver\stm32f1xx_hal_cortex.o
LOAD Drivers\STM32F1xx_HAL_Driver\stm32f1xx_hal_can.o
LOAD Drivers\STM32F1xx_HAL_Driver\stm32f1xx_hal_adc_ex.o
LOAD Drivers\STM32F1xx_HAL_Driver\stm32f1xx_hal_adc.o
LOAD Drivers\STM32F1xx_HAL_Driver\stm32f1xx_hal.o
LOAD Drivers\CMSIS\system_stm32f1xx.o
LOAD Application\User\stm32f1xx_it.o
LOAD Application\User\stm32f1xx_hal_msp.o
LOAD Application\User\main.o
LOAD Application\TrueSTUDIO\startup_stm32f103xb.o
START GROUP
LOAD c:/program files (x86)/atollic/truestudio for arm 5.4.0/armtools/bin/../lib/gcc/arm-atollic-eabi/4.8.3/../../../../arm-atollic-eabi/lib/armv7-m\libc.a
LOAD c:/program files (x86)/atollic/truestudio for arm 5.4.0/armtools/bin/../lib/gcc/arm-atollic-eabi/4.8.3/../../../../arm-atollic-eabi/lib/armv7-m\libm.a
END GROUP
                0x00001000                malloc_getpagesize_P = 0x1000
START GROUP
LOAD c:/program files (x86)/atollic/truestudio for arm 5.4.0/armtools/bin/../lib/gcc/arm-atollic-eabi/4.8.3/armv7-m\libgcc.a
LOAD c:/program files (x86)/atollic/truestudio for arm 5.4.0/armtools/bin/../lib/gcc/arm-atollic-eabi/4.8.3/../../../../arm-atollic-eabi/lib/armv7-m\libc.a
END GROUP
LOAD c:/program files (x86)/atollic/truestudio for arm 5.4.0/armtools/bin/../lib/gcc/arm-atollic-eabi/4.8.3/armv7-m/crtend.o
LOAD c:/program files (x86)/atollic/truestudio for arm 5.4.0/armtools/bin/../lib/gcc/arm-atollic-eabi/4.8.3/armv7-m/crtn.o
                0x20005000                _estack = 0x20005000
                0x00000000                _Min_Heap_Size = 0x0
                0x00000400                _Min_Stack_Size = 0x400

.isr_vector     0x08000000      0x10c
                0x08000000                . = ALIGN (0x4)
 *(.isr_vector)
 .isr_vector    0x08000000      0x10c Application\TrueSTUDIO\startup_stm32f103xb.o
                0x08000000                g_pfnVectors
                0x0800010c                . = ALIGN (0x4)

.text           0x0800010c     0x2804
                0x0800010c                . = ALIGN (0x4)
 *(.text)
 .text          0x0800010c       0x40 c:/program files (x86)/atollic/truestudio for arm 5.4.0/armtools/bin/../lib/gcc/arm-atollic-eabi/4.8.3/armv7-m/crtbegin.o
 *(.text*)
 .text.HAL_RCC_OscConfig
                0x0800014c     0x1018 Drivers\STM32F1xx_HAL_Driver\stm32f1xx_hal_rcc.o
                0x0800014c                HAL_RCC_OscConfig
 .text.HAL_RCC_ClockConfig
                0x08001164      0x5e0 Drivers\STM32F1xx_HAL_Driver\stm32f1xx_hal_rcc.o
                0x08001164                HAL_RCC_ClockConfig
 .text.HAL_RCC_GetSysClockFreq
                0x08001744       0xf4 Drivers\STM32F1xx_HAL_Driver\stm32f1xx_hal_rcc.o
                0x08001744                HAL_RCC_GetSysClockFreq
 .text.HAL_RCC_GetHCLKFreq
                0x08001838       0x4c Drivers\STM32F1xx_HAL_Driver\stm32f1xx_hal_rcc.o
                0x08001838                HAL_RCC_GetHCLKFreq
 .text.HAL_GPIO_Init
                0x08001884      0x2bc Drivers\STM32F1xx_HAL_Driver\stm32f1xx_hal_gpio.o
                0x08001884                HAL_GPIO_Init
 .text.HAL_GPIO_TogglePin
                0x08001b40       0x24 Drivers\STM32F1xx_HAL_Driver\stm32f1xx_hal_gpio.o
                0x08001b40                HAL_GPIO_TogglePin
 .text.HAL_CRC_Init
                0x08001b64       0x38 Drivers\STM32F1xx_HAL_Driver\stm32f1xx_hal_crc.o
                0x08001b64                HAL_CRC_Init
 .text.NVIC_SetPriorityGrouping
                0x08001b9c       0x48 Drivers\STM32F1xx_HAL_Driver\stm32f1xx_hal_cortex.o
 .text.NVIC_GetPriorityGrouping
                0x08001be4       0x1c Drivers\STM32F1xx_HAL_Driver\stm32f1xx_hal_cortex.o
 .text.NVIC_EnableIRQ
                0x08001c00       0x30 Drivers\STM32F1xx_HAL_Driver\stm32f1xx_hal_cortex.o
 .text.NVIC_SetPriority
                0x08001c30       0x54 Drivers\STM32F1xx_HAL_Driver\stm32f1xx_hal_cortex.o
 .text.NVIC_EncodePriority
                0x08001c84       0x64 Drivers\STM32F1xx_HAL_Driver\stm32f1xx_hal_cortex.o
 .text.SysTick_Config
                0x08001ce8       0x44 Drivers\STM32F1xx_HAL_Driver\stm32f1xx_hal_cortex.o
 .text.HAL_NVIC_SetPriorityGrouping
                0x08001d2c       0x14 Drivers\STM32F1xx_HAL_Driver\stm32f1xx_hal_cortex.o
                0x08001d2c                HAL_NVIC_SetPriorityGrouping
 .text.HAL_NVIC_SetPriority
                0x08001d40       0x38 Drivers\STM32F1xx_HAL_Driver\stm32f1xx_hal_cortex.o
                0x08001d40                HAL_NVIC_SetPriority
 .text.HAL_NVIC_EnableIRQ
                0x08001d78       0x1c Drivers\STM32F1xx_HAL_Driver\stm32f1xx_hal_cortex.o
                0x08001d78                HAL_NVIC_EnableIRQ
 .text.HAL_SYSTICK_Config
                0x08001d94       0x18 Drivers\STM32F1xx_HAL_Driver\stm32f1xx_hal_cortex.o
                0x08001d94                HAL_SYSTICK_Config
 .text.HAL_SYSTICK_IRQHandler
                0x08001dac        0xc Drivers\STM32F1xx_HAL_Driver\stm32f1xx_hal_cortex.o
                0x08001dac                HAL_SYSTICK_IRQHandler
 .text.HAL_SYSTICK_Callback
                0x08001db8        0xc Drivers\STM32F1xx_HAL_Driver\stm32f1xx_hal_cortex.o
                0x08001db8                HAL_SYSTICK_Callback
 .text.HAL_CAN_Init
                0x08001dc4      0x1c4 Drivers\STM32F1xx_HAL_Driver\stm32f1xx_hal_can.o
                0x08001dc4                HAL_CAN_Init
 .text.HAL_CAN_Transmit
                0x08001f88      0x2e4 Drivers\STM32F1xx_HAL_Driver\stm32f1xx_hal_can.o
                0x08001f88                HAL_CAN_Transmit
 .text.HAL_CAN_Receive_IT
                0x0800226c       0xb8 Drivers\STM32F1xx_HAL_Driver\stm32f1xx_hal_can.o
                0x0800226c                HAL_CAN_Receive_IT
 .text.HAL_Init
                0x08002324       0x2c Drivers\STM32F1xx_HAL_Driver\stm32f1xx_hal.o
                0x08002324                HAL_Init
 .text.HAL_InitTick
                0x08002350       0x38 Drivers\STM32F1xx_HAL_Driver\stm32f1xx_hal.o
                0x08002350                HAL_InitTick
 .text.HAL_IncTick
                0x08002388       0x1c Drivers\STM32F1xx_HAL_Driver\stm32f1xx_hal.o
                0x08002388                HAL_IncTick
 .text.HAL_GetTick
                0x080023a4       0x18 Drivers\STM32F1xx_HAL_Driver\stm32f1xx_hal.o
                0x080023a4                HAL_GetTick
 .text.HAL_Delay
                0x080023bc       0x2c Drivers\STM32F1xx_HAL_Driver\stm32f1xx_hal.o
                0x080023bc                HAL_Delay
 .text.SystemInit
                0x080023e8       0x68 Drivers\CMSIS\system_stm32f1xx.o
                0x080023e8                SystemInit
 .text.SysTick_Handler
                0x08002450       0x10 Application\User\stm32f1xx_it.o
                0x08002450                SysTick_Handler
 .text.HAL_MspInit
                0x08002460       0x50 Application\User\stm32f1xx_hal_msp.o
                0x08002460                HAL_MspInit
 .text.HAL_CAN_MspInit
                0x080024b0       0x80 Application\User\stm32f1xx_hal_msp.o
                0x080024b0                HAL_CAN_MspInit
 .text.HAL_CRC_MspInit
                0x08002530       0x3c Application\User\stm32f1xx_hal_msp.o
                0x08002530                HAL_CRC_MspInit
 .text.main     0x0800256c       0x7c Application\User\main.o
                0x0800256c                main
 .text.SystemClock_Config
                0x080025e8       0xc4 Application\User\main.o
                0x080025e8                SystemClock_Config
 .text.MX_CAN_Init
                0x080026ac       0xa4 Application\User\main.o
 .text.MX_CRC_Init
                0x08002750       0x1c Application\User\main.o
 .text.MX_GPIO_Init
                0x0800276c       0xe4 Application\User\main.o
 .text.Error_Handler
                0x08002850        0x8 Application\User\main.o
                0x08002850                Error_Handler
 .text.Reset_Handler
                0x08002858       0x50 Application\TrueSTUDIO\startup_stm32f103xb.o
                0x08002858                Reset_Handler
 .text.Default_Handler
                0x080028a8        0x4 Application\TrueSTUDIO\startup_stm32f103xb.o
                0x080028a8                RTC_Alarm_IRQHandler
                0x080028a8                EXTI2_IRQHandler
                0x080028a8                DebugMon_Handler
                0x080028a8                TIM1_CC_IRQHandler
                0x080028a8                HardFault_Handler
                0x080028a8                PVD_IRQHandler
                0x080028a8                PendSV_Handler
                0x080028a8                NMI_Handler
                0x080028a8                EXTI3_IRQHandler
                0x080028a8                EXTI0_IRQHandler
                0x080028a8                I2C2_EV_IRQHandler
                0x080028a8                UsageFault_Handler
                0x080028a8                ADC1_2_IRQHandler
                0x080028a8                SPI1_IRQHandler
                0x080028a8                TAMPER_IRQHandler
                0x080028a8                DMA1_Channel4_IRQHandler
                0x080028a8                USART3_IRQHandler
                0x080028a8                RTC_IRQHandler
                0x080028a8                DMA1_Channel7_IRQHandler
                0x080028a8                CAN1_RX1_IRQHandler
                0x080028a8                TIM4_IRQHandler
                0x080028a8                I2C1_EV_IRQHandler
                0x080028a8                DMA1_Channel6_IRQHandler
                0x080028a8                TIM3_IRQHandler
                0x080028a8                RCC_IRQHandler
                0x080028a8                TIM1_TRG_COM_IRQHandler
                0x080028a8                DMA1_Channel1_IRQHandler
                0x080028a8                Default_Handler
                0x080028a8                EXTI15_10_IRQHandler
                0x080028a8                EXTI9_5_IRQHandler
                0x080028a8                SPI2_IRQHandler
                0x080028a8                MemManage_Handler
                0x080028a8                SVC_Handler
                0x080028a8                DMA1_Channel5_IRQHandler
                0x080028a8                EXTI4_IRQHandler
                0x080028a8                USB_LP_CAN1_RX0_IRQHandler
                0x080028a8                USB_HP_CAN1_TX_IRQHandler
                0x080028a8                DMA1_Channel3_IRQHandler
                0x080028a8                TIM1_UP_IRQHandler
                0x080028a8                WWDG_IRQHandler
                0x080028a8                TIM2_IRQHandler
                0x080028a8                TIM1_BRK_IRQHandler
                0x080028a8                EXTI1_IRQHandler
                0x080028a8                USART2_IRQHandler
                0x080028a8                I2C2_ER_IRQHandler
                0x080028a8                DMA1_Channel2_IRQHandler
                0x080028a8                CAN1_SCE_IRQHandler
                0x080028a8                FLASH_IRQHandler
                0x080028a8                BusFault_Handler
                0x080028a8                USART1_IRQHandler
                0x080028a8                I2C1_ER_IRQHandler
                0x080028a8                USBWakeUp_IRQHandler
 .text.__libc_init_array
                0x080028ac       0x4c c:/program files (x86)/atollic/truestudio for arm 5.4.0/armtools/bin/../lib/gcc/arm-atollic-eabi/4.8.3/../../../../arm-atollic-eabi/lib/armv7-m\libc.a(lib_a-init.o)
                0x080028ac                __libc_init_array
 *(.glue_7)
 .glue_7        0x00000000        0x0 linker stubs
 *(.glue_7t)
 .glue_7t       0x00000000        0x0 linker stubs
 *(.eh_frame)
 .eh_frame      0x080028f8        0x0 c:/program files (x86)/atollic/truestudio for arm 5.4.0/armtools/bin/../lib/gcc/arm-atollic-eabi/4.8.3/armv7-m/crtbegin.o
 *(.init)
 .init          0x080028f8        0x4 c:/program files (x86)/atollic/truestudio for arm 5.4.0/armtools/bin/../lib/gcc/arm-atollic-eabi/4.8.3/armv7-m/crti.o
                0x080028f8                _init
 .init          0x080028fc        0x8 c:/program files (x86)/atollic/truestudio for arm 5.4.0/armtools/bin/../lib/gcc/arm-atollic-eabi/4.8.3/armv7-m/crtn.o
 *(.fini)
 .fini          0x08002904        0x4 c:/program files (x86)/atollic/truestudio for arm 5.4.0/armtools/bin/../lib/gcc/arm-atollic-eabi/4.8.3/armv7-m/crti.o
                0x08002904                _fini
 .fini          0x08002908        0x8 c:/program files (x86)/atollic/truestudio for arm 5.4.0/armtools/bin/../lib/gcc/arm-atollic-eabi/4.8.3/armv7-m/crtn.o
                0x08002910                . = ALIGN (0x4)
                0x08002910                _etext = .

.vfp11_veneer   0x08002910        0x0
 .vfp11_veneer  0x00000000        0x0 linker stubs

.v4_bx          0x08002910        0x0
 .v4_bx         0x00000000        0x0 linker stubs

.iplt           0x08002910        0x0
 .iplt          0x00000000        0x0 c:/program files (x86)/atollic/truestudio for arm 5.4.0/armtools/bin/../lib/gcc/arm-atollic-eabi/4.8.3/armv7-m/crtbegin.o

.rodata         0x08002910       0x24
                0x08002910                . = ALIGN (0x4)
 *(.rodata)
 .rodata        0x08002910       0x14 Drivers\STM32F1xx_HAL_Driver\stm32f1xx_hal_rcc.o
 *(.rodata*)
 .rodata.aAPBAHBPrescTable
                0x08002924       0x10 Drivers\STM32F1xx_HAL_Driver\stm32f1xx_hal_rcc.o
                0x08002924                aAPBAHBPrescTable
                0x08002934                . = ALIGN (0x4)

.rel.dyn        0x08002934        0x0
 .rel.iplt      0x00000000        0x0 c:/program files (x86)/atollic/truestudio for arm 5.4.0/armtools/bin/../lib/gcc/arm-atollic-eabi/4.8.3/armv7-m/crtbegin.o

.ARM.extab
 *(.ARM.extab* .gnu.linkonce.armextab.*)

.ARM            0x08002934        0x0
                0x08002934                __exidx_start = .
 *(.ARM.exidx*)
                0x08002934                __exidx_end = .

.preinit_array  0x08002934        0x0
                0x08002934                PROVIDE (__preinit_array_start, .)
 *(.preinit_array*)
                0x08002934                PROVIDE (__preinit_array_end, .)

.init_array     0x08002934        0x4
                0x08002934                PROVIDE (__init_array_start, .)
 *(SORT(.init_array.*))
 *(.init_array*)
 .init_array    0x08002934        0x4 c:/program files (x86)/atollic/truestudio for arm 5.4.0/armtools/bin/../lib/gcc/arm-atollic-eabi/4.8.3/armv7-m/crtbegin.o
                0x08002938                PROVIDE (__init_array_end, .)

.fini_array     0x08002938        0x4
                0x08002938                PROVIDE (__fini_array_start, .)
 *(SORT(.fini_array.*))
 *(.fini_array*)
 .fini_array    0x08002938        0x4 c:/program files (x86)/atollic/truestudio for arm 5.4.0/armtools/bin/../lib/gcc/arm-atollic-eabi/4.8.3/armv7-m/crtbegin.o
                0x0800293c                PROVIDE (__fini_array_end, .)
                0x0800293c                _sidata = LOADADDR (.data)

.data           0x20000000        0x4 load address 0x0800293c
                0x20000000                . = ALIGN (0x4)
                0x20000000                _sdata = .
 *(.data)
 *(.data*)
 .data.SystemCoreClock
                0x20000000        0x4 Drivers\CMSIS\system_stm32f1xx.o
                0x20000000                SystemCoreClock
                0x20000004                . = ALIGN (0x4)
                0x20000004                _edata = .

.igot.plt       0x20000004        0x0 load address 0x08002940
 .igot.plt      0x00000000        0x0 c:/program files (x86)/atollic/truestudio for arm 5.4.0/armtools/bin/../lib/gcc/arm-atollic-eabi/4.8.3/armv7-m/crtbegin.o
                0x20000004                . = ALIGN (0x4)

.bss            0x20000004      0x1a4 load address 0x08002940
                0x20000004                _sbss = .
                0x20000004                __bss_start__ = _sbss
 *(.bss)
 .bss           0x20000004       0x1c c:/program files (x86)/atollic/truestudio for arm 5.4.0/armtools/bin/../lib/gcc/arm-atollic-eabi/4.8.3/armv7-m/crtbegin.o
 *(.bss*)
 .bss.uwTick    0x20000020        0x4 Drivers\STM32F1xx_HAL_Driver\stm32f1xx_hal.o
 .bss.TxMessage.6761
                0x20000024       0x1c Application\User\main.o
 .bss.RxMessage.6762
                0x20000040       0x24 Application\User\main.o
 *(COMMON)
 COMMON         0x20000064      0x144 Application\User\main.o
                0x20000064                huart3
                0x200000a4                hi2c1
                0x200000e0                hiwdg
                0x200000f0                hcrc
                0x200000f8                hcan
                0x20000138                hadc1
                0x20000168                huart1
                0x200001a8                . = ALIGN (0x4)
                0x200001a8                _ebss = .
                0x200001a8                __bss_end__ = _ebss

._user_heap_stack
                0x200001a8      0x400 load address 0x08002940
                0x200001a8                . = ALIGN (0x4)
                0x200001a8                PROVIDE (end, .)
                0x200001a8                PROVIDE (_end, .)
                0x200001a8                . = (. + _Min_Heap_Size)
                0x200005a8                . = (. + _Min_Stack_Size)
 *fill*         0x200001a8      0x400 
                0x200005a8                . = ALIGN (0x4)

/DISCARD/
 libc.a(*)
 libm.a(*)
 libgcc.a(*)

.ARM.attributes
                0x00000000       0x29
 *(.ARM.attributes)
 .ARM.attributes
                0x00000000       0x1d c:/program files (x86)/atollic/truestudio for arm 5.4.0/armtools/bin/../lib/gcc/arm-atollic-eabi/4.8.3/armv7-m/crti.o
 .ARM.attributes
                0x0000001d       0x2d c:/program files (x86)/atollic/truestudio for arm 5.4.0/armtools/bin/../lib/gcc/arm-atollic-eabi/4.8.3/armv7-m/crtbegin.o
 .ARM.attributes
                0x0000004a       0x33 Drivers\STM32F1xx_HAL_Driver\stm32f1xx_hal_rcc.o
 .ARM.attributes
                0x0000007d       0x33 Drivers\STM32F1xx_HAL_Driver\stm32f1xx_hal_gpio.o
 .ARM.attributes
                0x000000b0       0x33 Drivers\STM32F1xx_HAL_Driver\stm32f1xx_hal_crc.o
 .ARM.attributes
                0x000000e3       0x33 Drivers\STM32F1xx_HAL_Driver\stm32f1xx_hal_cortex.o
 .ARM.attributes
                0x00000116       0x33 Drivers\STM32F1xx_HAL_Driver\stm32f1xx_hal_can.o
 .ARM.attributes
                0x00000149       0x33 Drivers\STM32F1xx_HAL_Driver\stm32f1xx_hal.o
 .ARM.attributes
                0x0000017c       0x33 Drivers\CMSIS\system_stm32f1xx.o
 .ARM.attributes
                0x000001af       0x33 Application\User\stm32f1xx_it.o
 .ARM.attributes
                0x000001e2       0x33 Application\User\stm32f1xx_hal_msp.o
 .ARM.attributes
                0x00000215       0x33 Application\User\main.o
 .ARM.attributes
                0x00000248       0x21 Application\TrueSTUDIO\startup_stm32f103xb.o
 .ARM.attributes
                0x00000269       0x2d c:/program files (x86)/atollic/truestudio for arm 5.4.0/armtools/bin/../lib/gcc/arm-atollic-eabi/4.8.3/../../../../arm-atollic-eabi/lib/armv7-m\libc.a(lib_a-init.o)
 .ARM.attributes
                0x00000296       0x1d c:/program files (x86)/atollic/truestudio for arm 5.4.0/armtools/bin/../lib/gcc/arm-atollic-eabi/4.8.3/armv7-m/crtn.o
OUTPUT(CANTx Configuration.elf elf32-littlearm)

.debug_info     0x00000000     0x6d0d
 .debug_info    0x00000000     0x16a0 Drivers\STM32F1xx_HAL_Driver\stm32f1xx_hal_rcc.o
 .debug_info    0x000016a0      0x5e2 Drivers\STM32F1xx_HAL_Driver\stm32f1xx_hal_gpio.o
 .debug_info    0x00001c82      0x37a Drivers\STM32F1xx_HAL_Driver\stm32f1xx_hal_crc.o
 .debug_info    0x00001ffc      0xa94 Drivers\STM32F1xx_HAL_Driver\stm32f1xx_hal_cortex.o
 .debug_info    0x00002a90      0xa59 Drivers\STM32F1xx_HAL_Driver\stm32f1xx_hal_can.o
 .debug_info    0x000034e9      0x5ce Drivers\STM32F1xx_HAL_Driver\stm32f1xx_hal.o
 .debug_info    0x00003ab7      0x399 Drivers\CMSIS\system_stm32f1xx.o
 .debug_info    0x00003e50      0x5a7 Application\User\stm32f1xx_it.o
 .debug_info    0x000043f7     0x1419 Application\User\stm32f1xx_hal_msp.o
 .debug_info    0x00005810     0x1428 Application\User\main.o
 .debug_info    0x00006c38       0xd5 Application\TrueSTUDIO\startup_stm32f103xb.o

.debug_abbrev   0x00000000     0x1248
 .debug_abbrev  0x00000000      0x2a5 Drivers\STM32F1xx_HAL_Driver\stm32f1xx_hal_rcc.o
 .debug_abbrev  0x000002a5      0x1aa Drivers\STM32F1xx_HAL_Driver\stm32f1xx_hal_gpio.o
 .debug_abbrev  0x0000044f      0x16c Drivers\STM32F1xx_HAL_Driver\stm32f1xx_hal_crc.o
 .debug_abbrev  0x000005bb      0x265 Drivers\STM32F1xx_HAL_Driver\stm32f1xx_hal_cortex.o
 .debug_abbrev  0x00000820      0x1d9 Drivers\STM32F1xx_HAL_Driver\stm32f1xx_hal_can.o
 .debug_abbrev  0x000009f9      0x1ed Drivers\STM32F1xx_HAL_Driver\stm32f1xx_hal.o
 .debug_abbrev  0x00000be6      0x120 Drivers\CMSIS\system_stm32f1xx.o
 .debug_abbrev  0x00000d06      0x11b Application\User\stm32f1xx_it.o
 .debug_abbrev  0x00000e21      0x1ec Application\User\stm32f1xx_hal_msp.o
 .debug_abbrev  0x0000100d      0x229 Application\User\main.o
 .debug_abbrev  0x00001236       0x12 Application\TrueSTUDIO\startup_stm32f103xb.o

.debug_aranges  0x00000000      0x4f8
 .debug_aranges
                0x00000000       0x88 Drivers\STM32F1xx_HAL_Driver\stm32f1xx_hal_rcc.o
 .debug_aranges
                0x00000088       0x58 Drivers\STM32F1xx_HAL_Driver\stm32f1xx_hal_gpio.o
 .debug_aranges
                0x000000e0       0x50 Drivers\STM32F1xx_HAL_Driver\stm32f1xx_hal_crc.o
 .debug_aranges
                0x00000130      0x100 Drivers\STM32F1xx_HAL_Driver\stm32f1xx_hal_cortex.o
 .debug_aranges
                0x00000230       0xb0 Drivers\STM32F1xx_HAL_Driver\stm32f1xx_hal_can.o
 .debug_aranges
                0x000002e0       0xb0 Drivers\STM32F1xx_HAL_Driver\stm32f1xx_hal.o
 .debug_aranges
                0x00000390       0x28 Drivers\CMSIS\system_stm32f1xx.o
 .debug_aranges
                0x000003b8       0x28 Application\User\stm32f1xx_it.o
 .debug_aranges
                0x000003e0       0x78 Application\User\stm32f1xx_hal_msp.o
 .debug_aranges
                0x00000458       0x78 Application\User\main.o
 .debug_aranges
                0x000004d0       0x28 Application\TrueSTUDIO\startup_stm32f103xb.o

.debug_ranges   0x00000000      0x450
 .debug_ranges  0x00000000       0x78 Drivers\STM32F1xx_HAL_Driver\stm32f1xx_hal_rcc.o
 .debug_ranges  0x00000078       0x48 Drivers\STM32F1xx_HAL_Driver\stm32f1xx_hal_gpio.o
 .debug_ranges  0x000000c0       0x40 Drivers\STM32F1xx_HAL_Driver\stm32f1xx_hal_crc.o
 .debug_ranges  0x00000100       0xf0 Drivers\STM32F1xx_HAL_Driver\stm32f1xx_hal_cortex.o
 .debug_ranges  0x000001f0       0xa0 Drivers\STM32F1xx_HAL_Driver\stm32f1xx_hal_can.o
 .debug_ranges  0x00000290       0xa0 Drivers\STM32F1xx_HAL_Driver\stm32f1xx_hal.o
 .debug_ranges  0x00000330       0x18 Drivers\CMSIS\system_stm32f1xx.o
 .debug_ranges  0x00000348       0x18 Application\User\stm32f1xx_it.o
 .debug_ranges  0x00000360       0x68 Application\User\stm32f1xx_hal_msp.o
 .debug_ranges  0x000003c8       0x68 Application\User\main.o
 .debug_ranges  0x00000430       0x20 Application\TrueSTUDIO\startup_stm32f103xb.o

.debug_line     0x00000000     0x2eed
 .debug_line    0x00000000      0xd9a Drivers\STM32F1xx_HAL_Driver\stm32f1xx_hal_rcc.o
 .debug_line    0x00000d9a      0x3c3 Drivers\STM32F1xx_HAL_Driver\stm32f1xx_hal_gpio.o
 .debug_line    0x0000115d      0x2e7 Drivers\STM32F1xx_HAL_Driver\stm32f1xx_hal_crc.o
 .debug_line    0x00001444      0x46b Drivers\STM32F1xx_HAL_Driver\stm32f1xx_hal_cortex.o
 .debug_line    0x000018af      0x62e Drivers\STM32F1xx_HAL_Driver\stm32f1xx_hal_can.o
 .debug_line    0x00001edd      0x373 Drivers\STM32F1xx_HAL_Driver\stm32f1xx_hal.o
 .debug_line    0x00002250      0x212 Drivers\CMSIS\system_stm32f1xx.o
 .debug_line    0x00002462      0x205 Application\User\stm32f1xx_it.o
 .debug_line    0x00002667      0x39d Application\User\stm32f1xx_hal_msp.o
 .debug_line    0x00002a04      0x437 Application\User\main.o
 .debug_line    0x00002e3b       0xb2 Application\TrueSTUDIO\startup_stm32f103xb.o

.debug_str      0x00000000     0x1de3
 .debug_str     0x00000000      0x586 Drivers\STM32F1xx_HAL_Driver\stm32f1xx_hal_rcc.o
                                0x606 (size before relaxing)
 .debug_str     0x00000586      0x1a1 Drivers\STM32F1xx_HAL_Driver\stm32f1xx_hal_gpio.o
                                0x444 (size before relaxing)
 .debug_str     0x00000727      0x1aa Drivers\STM32F1xx_HAL_Driver\stm32f1xx_hal_crc.o
                                0x3cf (size before relaxing)
 .debug_str     0x000008d1      0x605 Drivers\STM32F1xx_HAL_Driver\stm32f1xx_hal_cortex.o
                                0x8da (size before relaxing)
 .debug_str     0x00000ed6      0x469 Drivers\STM32F1xx_HAL_Driver\stm32f1xx_hal_can.o
                                0x736 (size before relaxing)
 .debug_str     0x0000133f      0x1c5 Drivers\STM32F1xx_HAL_Driver\stm32f1xx_hal.o
                                0x723 (size before relaxing)
 .debug_str     0x00001504       0x82 Drivers\CMSIS\system_stm32f1xx.o
                                0x30c (size before relaxing)
 .debug_str     0x00001586       0x49 Application\User\stm32f1xx_it.o
                                0x4ab (size before relaxing)
 .debug_str     0x000015cf      0x6e3 Application\User\stm32f1xx_hal_msp.o
                                0xfdc (size before relaxing)
 .debug_str     0x00001cb2      0x131 Application\User\main.o
                                0xf1e (size before relaxing)

.comment        0x00000000       0x82
 .comment       0x00000000       0x82 Drivers\STM32F1xx_HAL_Driver\stm32f1xx_hal_rcc.o
                                 0x83 (size before relaxing)
 .comment       0x00000000       0x83 Drivers\STM32F1xx_HAL_Driver\stm32f1xx_hal_gpio.o
 .comment       0x00000000       0x83 Drivers\STM32F1xx_HAL_Driver\stm32f1xx_hal_crc.o
 .comment       0x00000000       0x83 Drivers\STM32F1xx_HAL_Driver\stm32f1xx_hal_cortex.o
 .comment       0x00000000       0x83 Drivers\STM32F1xx_HAL_Driver\stm32f1xx_hal_can.o
 .comment       0x00000000       0x83 Drivers\STM32F1xx_HAL_Driver\stm32f1xx_hal.o
 .comment       0x00000000       0x83 Drivers\CMSIS\system_stm32f1xx.o
 .comment       0x00000000       0x83 Application\User\stm32f1xx_it.o
 .comment       0x00000000       0x83 Application\User\stm32f1xx_hal_msp.o
 .comment       0x00000000       0x83 Application\User\main.o

.debug_frame    0x00000000      0xec8
 .debug_frame   0x00000000      0x1b0 Drivers\STM32F1xx_HAL_Driver\stm32f1xx_hal_rcc.o
 .debug_frame   0x000001b0       0xf4 Drivers\STM32F1xx_HAL_Driver\stm32f1xx_hal_gpio.o
 .debug_frame   0x000002a4       0xdc Drivers\STM32F1xx_HAL_Driver\stm32f1xx_hal_crc.o
 .debug_frame   0x00000380      0x35c Drivers\STM32F1xx_HAL_Driver\stm32f1xx_hal_cortex.o
 .debug_frame   0x000006dc      0x248 Drivers\STM32F1xx_HAL_Driver\stm32f1xx_hal_can.o
 .debug_frame   0x00000924      0x1f4 Drivers\STM32F1xx_HAL_Driver\stm32f1xx_hal.o
 .debug_frame   0x00000b18       0x44 Drivers\CMSIS\system_stm32f1xx.o
 .debug_frame   0x00000b5c       0x48 Application\User\stm32f1xx_it.o
 .debug_frame   0x00000ba4      0x184 Application\User\stm32f1xx_hal_msp.o
 .debug_frame   0x00000d28      0x174 Application\User\main.o
 .debug_frame   0x00000e9c       0x2c c:/program files (x86)/atollic/truestudio for arm 5.4.0/armtools/bin/../lib/gcc/arm-atollic-eabi/4.8.3/../../../../arm-atollic-eabi/lib/armv7-m\libc.a(lib_a-init.o)

Cross Reference Table

Symbol                                            File
ADC1_2_IRQHandler                                 Application\TrueSTUDIO\startup_stm32f103xb.o
ADC_ConversionStop_Disable                        Drivers\STM32F1xx_HAL_Driver\stm32f1xx_hal_adc.o
                                                  Drivers\STM32F1xx_HAL_Driver\stm32f1xx_hal_adc_ex.o
ADC_DMAConvCplt                                   Drivers\STM32F1xx_HAL_Driver\stm32f1xx_hal_adc.o
                                                  Drivers\STM32F1xx_HAL_Driver\stm32f1xx_hal_adc_ex.o
ADC_DMAError                                      Drivers\STM32F1xx_HAL_Driver\stm32f1xx_hal_adc.o
                                                  Drivers\STM32F1xx_HAL_Driver\stm32f1xx_hal_adc_ex.o
ADC_DMAHalfConvCplt                               Drivers\STM32F1xx_HAL_Driver\stm32f1xx_hal_adc.o
                                                  Drivers\STM32F1xx_HAL_Driver\stm32f1xx_hal_adc_ex.o
ADC_Enable                                        Drivers\STM32F1xx_HAL_Driver\stm32f1xx_hal_adc.o
                                                  Drivers\STM32F1xx_HAL_Driver\stm32f1xx_hal_adc_ex.o
AHBPrescTable                                     Drivers\CMSIS\system_stm32f1xx.o
BusFault_Handler                                  Application\TrueSTUDIO\startup_stm32f103xb.o
CAN1_RX1_IRQHandler                               Application\TrueSTUDIO\startup_stm32f103xb.o
CAN1_SCE_IRQHandler                               Application\TrueSTUDIO\startup_stm32f103xb.o
CANx_RX_IRQHandler                                Application\User\stm32f1xx_it.o
CanHandle                                         Application\User\stm32f1xx_it.o
DMA1_Channel1_IRQHandler                          Application\TrueSTUDIO\startup_stm32f103xb.o
DMA1_Channel2_IRQHandler                          Application\TrueSTUDIO\startup_stm32f103xb.o
DMA1_Channel3_IRQHandler                          Application\TrueSTUDIO\startup_stm32f103xb.o
DMA1_Channel4_IRQHandler                          Application\TrueSTUDIO\startup_stm32f103xb.o
DMA1_Channel5_IRQHandler                          Application\TrueSTUDIO\startup_stm32f103xb.o
DMA1_Channel6_IRQHandler                          Application\TrueSTUDIO\startup_stm32f103xb.o
DMA1_Channel7_IRQHandler                          Application\TrueSTUDIO\startup_stm32f103xb.o
DebugMon_Handler                                  Application\TrueSTUDIO\startup_stm32f103xb.o
Default_Handler                                   Application\TrueSTUDIO\startup_stm32f103xb.o
EXTI0_IRQHandler                                  Application\TrueSTUDIO\startup_stm32f103xb.o
EXTI15_10_IRQHandler                              Application\TrueSTUDIO\startup_stm32f103xb.o
EXTI1_IRQHandler                                  Application\TrueSTUDIO\startup_stm32f103xb.o
EXTI2_IRQHandler                                  Application\TrueSTUDIO\startup_stm32f103xb.o
EXTI3_IRQHandler                                  Application\TrueSTUDIO\startup_stm32f103xb.o
EXTI4_IRQHandler                                  Application\TrueSTUDIO\startup_stm32f103xb.o
EXTI9_5_IRQHandler                                Application\TrueSTUDIO\startup_stm32f103xb.o
Error_Handler                                     Application\User\main.o
FLASH_IRQHandler                                  Application\TrueSTUDIO\startup_stm32f103xb.o
FLASH_PageErase                                   Drivers\STM32F1xx_HAL_Driver\stm32f1xx_hal_flash_ex.o
                                                  Drivers\STM32F1xx_HAL_Driver\stm32f1xx_hal_flash.o
FLASH_WaitForLastOperation                        Drivers\STM32F1xx_HAL_Driver\stm32f1xx_hal_flash.o
                                                  Drivers\STM32F1xx_HAL_Driver\stm32f1xx_hal_flash_ex.o
HAL_ADCEx_Calibration_Start                       Drivers\STM32F1xx_HAL_Driver\stm32f1xx_hal_adc_ex.o
HAL_ADCEx_InjectedConfigChannel                   Drivers\STM32F1xx_HAL_Driver\stm32f1xx_hal_adc_ex.o
HAL_ADCEx_InjectedConvCpltCallback                Drivers\STM32F1xx_HAL_Driver\stm32f1xx_hal_adc_ex.o
                                                  Drivers\STM32F1xx_HAL_Driver\stm32f1xx_hal_adc.o
HAL_ADCEx_InjectedGetValue                        Drivers\STM32F1xx_HAL_Driver\stm32f1xx_hal_adc_ex.o
HAL_ADCEx_InjectedPollForConversion               Drivers\STM32F1xx_HAL_Driver\stm32f1xx_hal_adc_ex.o
HAL_ADCEx_InjectedStart                           Drivers\STM32F1xx_HAL_Driver\stm32f1xx_hal_adc_ex.o
HAL_ADCEx_InjectedStart_IT                        Drivers\STM32F1xx_HAL_Driver\stm32f1xx_hal_adc_ex.o
HAL_ADCEx_InjectedStop                            Drivers\STM32F1xx_HAL_Driver\stm32f1xx_hal_adc_ex.o
HAL_ADCEx_InjectedStop_IT                         Drivers\STM32F1xx_HAL_Driver\stm32f1xx_hal_adc_ex.o
HAL_ADCEx_MultiModeConfigChannel                  Drivers\STM32F1xx_HAL_Driver\stm32f1xx_hal_adc_ex.o
HAL_ADCEx_MultiModeGetValue                       Drivers\STM32F1xx_HAL_Driver\stm32f1xx_hal_adc_ex.o
HAL_ADCEx_MultiModeStart_DMA                      Drivers\STM32F1xx_HAL_Driver\stm32f1xx_hal_adc_ex.o
HAL_ADCEx_MultiModeStop_DMA                       Drivers\STM32F1xx_HAL_Driver\stm32f1xx_hal_adc_ex.o
HAL_ADC_AnalogWDGConfig                           Drivers\STM32F1xx_HAL_Driver\stm32f1xx_hal_adc.o
HAL_ADC_ConfigChannel                             Drivers\STM32F1xx_HAL_Driver\stm32f1xx_hal_adc.o
                                                  Application\User\main.o
HAL_ADC_ConvCpltCallback                          Drivers\STM32F1xx_HAL_Driver\stm32f1xx_hal_adc.o
HAL_ADC_ConvHalfCpltCallback                      Drivers\STM32F1xx_HAL_Driver\stm32f1xx_hal_adc.o
HAL_ADC_DeInit                                    Drivers\STM32F1xx_HAL_Driver\stm32f1xx_hal_adc.o
HAL_ADC_ErrorCallback                             Drivers\STM32F1xx_HAL_Driver\stm32f1xx_hal_adc.o
HAL_ADC_GetError                                  Drivers\STM32F1xx_HAL_Driver\stm32f1xx_hal_adc.o
HAL_ADC_GetState                                  Drivers\STM32F1xx_HAL_Driver\stm32f1xx_hal_adc.o
HAL_ADC_GetValue                                  Drivers\STM32F1xx_HAL_Driver\stm32f1xx_hal_adc.o
HAL_ADC_IRQHandler                                Drivers\STM32F1xx_HAL_Driver\stm32f1xx_hal_adc.o
HAL_ADC_Init                                      Drivers\STM32F1xx_HAL_Driver\stm32f1xx_hal_adc.o
                                                  Application\User\main.o
HAL_ADC_LevelOutOfWindowCallback                  Drivers\STM32F1xx_HAL_Driver\stm32f1xx_hal_adc.o
HAL_ADC_MspDeInit                                 Application\User\stm32f1xx_hal_msp.o
                                                  Drivers\STM32F1xx_HAL_Driver\stm32f1xx_hal_adc.o
HAL_ADC_MspInit                                   Application\User\stm32f1xx_hal_msp.o
                                                  Drivers\STM32F1xx_HAL_Driver\stm32f1xx_hal_adc.o
HAL_ADC_PollForConversion                         Drivers\STM32F1xx_HAL_Driver\stm32f1xx_hal_adc.o
HAL_ADC_PollForEvent                              Drivers\STM32F1xx_HAL_Driver\stm32f1xx_hal_adc.o
HAL_ADC_Start                                     Drivers\STM32F1xx_HAL_Driver\stm32f1xx_hal_adc.o
HAL_ADC_Start_DMA                                 Drivers\STM32F1xx_HAL_Driver\stm32f1xx_hal_adc.o
HAL_ADC_Start_IT                                  Drivers\STM32F1xx_HAL_Driver\stm32f1xx_hal_adc.o
HAL_ADC_Stop                                      Drivers\STM32F1xx_HAL_Driver\stm32f1xx_hal_adc.o
HAL_ADC_Stop_DMA                                  Drivers\STM32F1xx_HAL_Driver\stm32f1xx_hal_adc.o
HAL_ADC_Stop_IT                                   Drivers\STM32F1xx_HAL_Driver\stm32f1xx_hal_adc.o
HAL_CAN_ConfigFilter                              Drivers\STM32F1xx_HAL_Driver\stm32f1xx_hal_can.o
HAL_CAN_DeInit                                    Drivers\STM32F1xx_HAL_Driver\stm32f1xx_hal_can.o
HAL_CAN_ErrorCallback                             Drivers\STM32F1xx_HAL_Driver\stm32f1xx_hal_can.o
HAL_CAN_GetError                                  Drivers\STM32F1xx_HAL_Driver\stm32f1xx_hal_can.o
HAL_CAN_GetState                                  Drivers\STM32F1xx_HAL_Driver\stm32f1xx_hal_can.o
HAL_CAN_IRQHandler                                Drivers\STM32F1xx_HAL_Driver\stm32f1xx_hal_can.o
                                                  Application\User\stm32f1xx_it.o
HAL_CAN_Init                                      Drivers\STM32F1xx_HAL_Driver\stm32f1xx_hal_can.o
                                                  Application\User\main.o
HAL_CAN_MspDeInit                                 Application\User\stm32f1xx_hal_msp.o
                                                  Drivers\STM32F1xx_HAL_Driver\stm32f1xx_hal_can.o
HAL_CAN_MspInit                                   Application\User\stm32f1xx_hal_msp.o
                                                  Drivers\STM32F1xx_HAL_Driver\stm32f1xx_hal_can.o
HAL_CAN_Receive                                   Drivers\STM32F1xx_HAL_Driver\stm32f1xx_hal_can.o
HAL_CAN_Receive_IT                                Drivers\STM32F1xx_HAL_Driver\stm32f1xx_hal_can.o
                                                  Application\User\main.o
HAL_CAN_RxCpltCallback                            Application\User\main.o
                                                  Drivers\STM32F1xx_HAL_Driver\stm32f1xx_hal_can.o
HAL_CAN_Sleep                                     Drivers\STM32F1xx_HAL_Driver\stm32f1xx_hal_can.o
HAL_CAN_Transmit                                  Drivers\STM32F1xx_HAL_Driver\stm32f1xx_hal_can.o
                                                  Application\User\main.o
HAL_CAN_Transmit_IT                               Drivers\STM32F1xx_HAL_Driver\stm32f1xx_hal_can.o
HAL_CAN_TxCpltCallback                            Drivers\STM32F1xx_HAL_Driver\stm32f1xx_hal_can.o
HAL_CAN_WakeUp                                    Drivers\STM32F1xx_HAL_Driver\stm32f1xx_hal_can.o
HAL_CRC_Accumulate                                Drivers\STM32F1xx_HAL_Driver\stm32f1xx_hal_crc.o
HAL_CRC_Calculate                                 Drivers\STM32F1xx_HAL_Driver\stm32f1xx_hal_crc.o
HAL_CRC_DeInit                                    Drivers\STM32F1xx_HAL_Driver\stm32f1xx_hal_crc.o
HAL_CRC_GetState                                  Drivers\STM32F1xx_HAL_Driver\stm32f1xx_hal_crc.o
HAL_CRC_Init                                      Drivers\STM32F1xx_HAL_Driver\stm32f1xx_hal_crc.o
                                                  Application\User\main.o
HAL_CRC_MspDeInit                                 Application\User\stm32f1xx_hal_msp.o
                                                  Drivers\STM32F1xx_HAL_Driver\stm32f1xx_hal_crc.o
HAL_CRC_MspInit                                   Application\User\stm32f1xx_hal_msp.o
                                                  Drivers\STM32F1xx_HAL_Driver\stm32f1xx_hal_crc.o
HAL_DBGMCU_DisableDBGSleepMode                    Drivers\STM32F1xx_HAL_Driver\stm32f1xx_hal.o
HAL_DBGMCU_DisableDBGStandbyMode                  Drivers\STM32F1xx_HAL_Driver\stm32f1xx_hal.o
HAL_DBGMCU_DisableDBGStopMode                     Drivers\STM32F1xx_HAL_Driver\stm32f1xx_hal.o
HAL_DBGMCU_EnableDBGSleepMode                     Drivers\STM32F1xx_HAL_Driver\stm32f1xx_hal.o
HAL_DBGMCU_EnableDBGStandbyMode                   Drivers\STM32F1xx_HAL_Driver\stm32f1xx_hal.o
HAL_DBGMCU_EnableDBGStopMode                      Drivers\STM32F1xx_HAL_Driver\stm32f1xx_hal.o
HAL_DMA_Abort                                     Drivers\STM32F1xx_HAL_Driver\stm32f1xx_hal_dma.o
                                                  Drivers\STM32F1xx_HAL_Driver\stm32f1xx_hal_adc.o
                                                  Drivers\STM32F1xx_HAL_Driver\stm32f1xx_hal_adc_ex.o
                                                  Drivers\STM32F1xx_HAL_Driver\stm32f1xx_hal_uart.o
HAL_DMA_DeInit                                    Drivers\STM32F1xx_HAL_Driver\stm32f1xx_hal_dma.o
HAL_DMA_GetError                                  Drivers\STM32F1xx_HAL_Driver\stm32f1xx_hal_dma.o
HAL_DMA_GetState                                  Drivers\STM32F1xx_HAL_Driver\stm32f1xx_hal_dma.o
HAL_DMA_IRQHandler                                Drivers\STM32F1xx_HAL_Driver\stm32f1xx_hal_dma.o
HAL_DMA_Init                                      Drivers\STM32F1xx_HAL_Driver\stm32f1xx_hal_dma.o
HAL_DMA_PollForTransfer                           Drivers\STM32F1xx_HAL_Driver\stm32f1xx_hal_dma.o
HAL_DMA_Start                                     Drivers\STM32F1xx_HAL_Driver\stm32f1xx_hal_dma.o
HAL_DMA_Start_IT                                  Drivers\STM32F1xx_HAL_Driver\stm32f1xx_hal_dma.o
                                                  Drivers\STM32F1xx_HAL_Driver\stm32f1xx_hal_adc.o
                                                  Drivers\STM32F1xx_HAL_Driver\stm32f1xx_hal_adc_ex.o
                                                  Drivers\STM32F1xx_HAL_Driver\stm32f1xx_hal_i2c.o
                                                  Drivers\STM32F1xx_HAL_Driver\stm32f1xx_hal_uart.o
HAL_DeInit                                        Drivers\STM32F1xx_HAL_Driver\stm32f1xx_hal.o
HAL_Delay                                         Drivers\STM32F1xx_HAL_Driver\stm32f1xx_hal.o
                                                  Application\User\main.o
                                                  Drivers\STM32F1xx_HAL_Driver\stm32f1xx_hal_rcc.o
HAL_FLASHEx_Erase                                 Drivers\STM32F1xx_HAL_Driver\stm32f1xx_hal_flash_ex.o
HAL_FLASHEx_Erase_IT                              Drivers\STM32F1xx_HAL_Driver\stm32f1xx_hal_flash_ex.o
HAL_FLASHEx_OBErase                               Drivers\STM32F1xx_HAL_Driver\stm32f1xx_hal_flash_ex.o
HAL_FLASHEx_OBGetConfig                           Drivers\STM32F1xx_HAL_Driver\stm32f1xx_hal_flash_ex.o
HAL_FLASHEx_OBProgram                             Drivers\STM32F1xx_HAL_Driver\stm32f1xx_hal_flash_ex.o
HAL_FLASH_EndOfOperationCallback                  Drivers\STM32F1xx_HAL_Driver\stm32f1xx_hal_flash.o
HAL_FLASH_GetError                                Drivers\STM32F1xx_HAL_Driver\stm32f1xx_hal_flash.o
HAL_FLASH_IRQHandler                              Drivers\STM32F1xx_HAL_Driver\stm32f1xx_hal_flash.o
HAL_FLASH_Lock                                    Drivers\STM32F1xx_HAL_Driver\stm32f1xx_hal_flash.o
HAL_FLASH_OB_Launch                               Drivers\STM32F1xx_HAL_Driver\stm32f1xx_hal_flash.o
HAL_FLASH_OB_Lock                                 Drivers\STM32F1xx_HAL_Driver\stm32f1xx_hal_flash.o
HAL_FLASH_OB_Unlock                               Drivers\STM32F1xx_HAL_Driver\stm32f1xx_hal_flash.o
HAL_FLASH_OperationErrorCallback                  Drivers\STM32F1xx_HAL_Driver\stm32f1xx_hal_flash.o
HAL_FLASH_Program                                 Drivers\STM32F1xx_HAL_Driver\stm32f1xx_hal_flash.o
HAL_FLASH_Program_IT                              Drivers\STM32F1xx_HAL_Driver\stm32f1xx_hal_flash.o
HAL_FLASH_Unlock                                  Drivers\STM32F1xx_HAL_Driver\stm32f1xx_hal_flash.o
HAL_GPIOEx_ConfigEventout                         Drivers\STM32F1xx_HAL_Driver\stm32f1xx_hal_gpio_ex.o
HAL_GPIOEx_DisableEventout                        Drivers\STM32F1xx_HAL_Driver\stm32f1xx_hal_gpio_ex.o
HAL_GPIOEx_EnableEventout                         Drivers\STM32F1xx_HAL_Driver\stm32f1xx_hal_gpio_ex.o
HAL_GPIO_DeInit                                   Drivers\STM32F1xx_HAL_Driver\stm32f1xx_hal_gpio.o
                                                  Application\User\stm32f1xx_hal_msp.o
HAL_GPIO_EXTI_Callback                            Drivers\STM32F1xx_HAL_Driver\stm32f1xx_hal_gpio.o
HAL_GPIO_EXTI_IRQHandler                          Drivers\STM32F1xx_HAL_Driver\stm32f1xx_hal_gpio.o
HAL_GPIO_Init                                     Drivers\STM32F1xx_HAL_Driver\stm32f1xx_hal_gpio.o
                                                  Application\User\main.o
                                                  Application\User\stm32f1xx_hal_msp.o
                                                  Drivers\STM32F1xx_HAL_Driver\stm32f1xx_hal_rcc.o
HAL_GPIO_LockPin                                  Drivers\STM32F1xx_HAL_Driver\stm32f1xx_hal_gpio.o
HAL_GPIO_ReadPin                                  Drivers\STM32F1xx_HAL_Driver\stm32f1xx_hal_gpio.o
HAL_GPIO_TogglePin                                Drivers\STM32F1xx_HAL_Driver\stm32f1xx_hal_gpio.o
                                                  Application\User\main.o
HAL_GPIO_WritePin                                 Drivers\STM32F1xx_HAL_Driver\stm32f1xx_hal_gpio.o
HAL_GetDEVID                                      Drivers\STM32F1xx_HAL_Driver\stm32f1xx_hal.o
HAL_GetHalVersion                                 Drivers\STM32F1xx_HAL_Driver\stm32f1xx_hal.o
HAL_GetREVID                                      Drivers\STM32F1xx_HAL_Driver\stm32f1xx_hal.o
HAL_GetTick                                       Drivers\STM32F1xx_HAL_Driver\stm32f1xx_hal.o
                                                  Drivers\STM32F1xx_HAL_Driver\stm32f1xx_hal_adc.o
                                                  Drivers\STM32F1xx_HAL_Driver\stm32f1xx_hal_adc_ex.o
                                                  Drivers\STM32F1xx_HAL_Driver\stm32f1xx_hal_can.o
                                                  Drivers\STM32F1xx_HAL_Driver\stm32f1xx_hal_dma.o
                                                  Drivers\STM32F1xx_HAL_Driver\stm32f1xx_hal_flash.o
                                                  Drivers\STM32F1xx_HAL_Driver\stm32f1xx_hal_i2c.o
                                                  Drivers\STM32F1xx_HAL_Driver\stm32f1xx_hal_iwdg.o
                                                  Drivers\STM32F1xx_HAL_Driver\stm32f1xx_hal_rcc.o
                                                  Drivers\STM32F1xx_HAL_Driver\stm32f1xx_hal_rcc_ex.o
                                                  Drivers\STM32F1xx_HAL_Driver\stm32f1xx_hal_uart.o
HAL_HalfDuplex_EnableReceiver                     Drivers\STM32F1xx_HAL_Driver\stm32f1xx_hal_uart.o
HAL_HalfDuplex_EnableTransmitter                  Drivers\STM32F1xx_HAL_Driver\stm32f1xx_hal_uart.o
HAL_HalfDuplex_Init                               Drivers\STM32F1xx_HAL_Driver\stm32f1xx_hal_uart.o
HAL_I2C_DeInit                                    Drivers\STM32F1xx_HAL_Driver\stm32f1xx_hal_i2c.o
HAL_I2C_ER_IRQHandler                             Drivers\STM32F1xx_HAL_Driver\stm32f1xx_hal_i2c.o
HAL_I2C_EV_IRQHandler                             Drivers\STM32F1xx_HAL_Driver\stm32f1xx_hal_i2c.o
HAL_I2C_ErrorCallback                             Drivers\STM32F1xx_HAL_Driver\stm32f1xx_hal_i2c.o
HAL_I2C_GetError                                  Drivers\STM32F1xx_HAL_Driver\stm32f1xx_hal_i2c.o
HAL_I2C_GetState                                  Drivers\STM32F1xx_HAL_Driver\stm32f1xx_hal_i2c.o
HAL_I2C_Init                                      Drivers\STM32F1xx_HAL_Driver\stm32f1xx_hal_i2c.o
                                                  Application\User\main.o
HAL_I2C_IsDeviceReady                             Drivers\STM32F1xx_HAL_Driver\stm32f1xx_hal_i2c.o
HAL_I2C_MasterRxCpltCallback                      Drivers\STM32F1xx_HAL_Driver\stm32f1xx_hal_i2c.o
HAL_I2C_MasterTxCpltCallback                      Drivers\STM32F1xx_HAL_Driver\stm32f1xx_hal_i2c.o
HAL_I2C_Master_Receive                            Drivers\STM32F1xx_HAL_Driver\stm32f1xx_hal_i2c.o
HAL_I2C_Master_Receive_DMA                        Drivers\STM32F1xx_HAL_Driver\stm32f1xx_hal_i2c.o
HAL_I2C_Master_Receive_IT                         Drivers\STM32F1xx_HAL_Driver\stm32f1xx_hal_i2c.o
HAL_I2C_Master_Transmit                           Drivers\STM32F1xx_HAL_Driver\stm32f1xx_hal_i2c.o
HAL_I2C_Master_Transmit_DMA                       Drivers\STM32F1xx_HAL_Driver\stm32f1xx_hal_i2c.o
HAL_I2C_Master_Transmit_IT                        Drivers\STM32F1xx_HAL_Driver\stm32f1xx_hal_i2c.o
HAL_I2C_MemRxCpltCallback                         Drivers\STM32F1xx_HAL_Driver\stm32f1xx_hal_i2c.o
HAL_I2C_MemTxCpltCallback                         Drivers\STM32F1xx_HAL_Driver\stm32f1xx_hal_i2c.o
HAL_I2C_Mem_Read                                  Drivers\STM32F1xx_HAL_Driver\stm32f1xx_hal_i2c.o
HAL_I2C_Mem_Read_DMA                              Drivers\STM32F1xx_HAL_Driver\stm32f1xx_hal_i2c.o
HAL_I2C_Mem_Read_IT                               Drivers\STM32F1xx_HAL_Driver\stm32f1xx_hal_i2c.o
HAL_I2C_Mem_Write                                 Drivers\STM32F1xx_HAL_Driver\stm32f1xx_hal_i2c.o
HAL_I2C_Mem_Write_DMA                             Drivers\STM32F1xx_HAL_Driver\stm32f1xx_hal_i2c.o
HAL_I2C_Mem_Write_IT                              Drivers\STM32F1xx_HAL_Driver\stm32f1xx_hal_i2c.o
HAL_I2C_MspDeInit                                 Application\User\stm32f1xx_hal_msp.o
                                                  Drivers\STM32F1xx_HAL_Driver\stm32f1xx_hal_i2c.o
HAL_I2C_MspInit                                   Application\User\stm32f1xx_hal_msp.o
                                                  Drivers\STM32F1xx_HAL_Driver\stm32f1xx_hal_i2c.o
HAL_I2C_SlaveRxCpltCallback                       Drivers\STM32F1xx_HAL_Driver\stm32f1xx_hal_i2c.o
HAL_I2C_SlaveTxCpltCallback                       Drivers\STM32F1xx_HAL_Driver\stm32f1xx_hal_i2c.o
HAL_I2C_Slave_Receive                             Drivers\STM32F1xx_HAL_Driver\stm32f1xx_hal_i2c.o
HAL_I2C_Slave_Receive_DMA                         Drivers\STM32F1xx_HAL_Driver\stm32f1xx_hal_i2c.o
HAL_I2C_Slave_Receive_IT                          Drivers\STM32F1xx_HAL_Driver\stm32f1xx_hal_i2c.o
HAL_I2C_Slave_Transmit                            Drivers\STM32F1xx_HAL_Driver\stm32f1xx_hal_i2c.o
HAL_I2C_Slave_Transmit_DMA                        Drivers\STM32F1xx_HAL_Driver\stm32f1xx_hal_i2c.o
HAL_I2C_Slave_Transmit_IT                         Drivers\STM32F1xx_HAL_Driver\stm32f1xx_hal_i2c.o
HAL_IWDG_GetState                                 Drivers\STM32F1xx_HAL_Driver\stm32f1xx_hal_iwdg.o
HAL_IWDG_Init                                     Drivers\STM32F1xx_HAL_Driver\stm32f1xx_hal_iwdg.o
                                                  Application\User\main.o
HAL_IWDG_MspInit                                  Application\User\stm32f1xx_hal_msp.o
                                                  Drivers\STM32F1xx_HAL_Driver\stm32f1xx_hal_iwdg.o
HAL_IWDG_Refresh                                  Drivers\STM32F1xx_HAL_Driver\stm32f1xx_hal_iwdg.o
HAL_IWDG_Start                                    Drivers\STM32F1xx_HAL_Driver\stm32f1xx_hal_iwdg.o
HAL_IncTick                                       Drivers\STM32F1xx_HAL_Driver\stm32f1xx_hal.o
                                                  Application\User\stm32f1xx_it.o
HAL_Init                                          Drivers\STM32F1xx_HAL_Driver\stm32f1xx_hal.o
                                                  Application\User\main.o
HAL_InitTick                                      Drivers\STM32F1xx_HAL_Driver\stm32f1xx_hal.o
                                                  Drivers\STM32F1xx_HAL_Driver\stm32f1xx_hal_rcc.o
HAL_LIN_Init                                      Drivers\STM32F1xx_HAL_Driver\stm32f1xx_hal_uart.o
HAL_LIN_SendBreak                                 Drivers\STM32F1xx_HAL_Driver\stm32f1xx_hal_uart.o
HAL_MspDeInit                                     Drivers\STM32F1xx_HAL_Driver\stm32f1xx_hal.o
HAL_MspInit                                       Application\User\stm32f1xx_hal_msp.o
                                                  Drivers\STM32F1xx_HAL_Driver\stm32f1xx_hal.o
HAL_MultiProcessor_EnterMuteMode                  Drivers\STM32F1xx_HAL_Driver\stm32f1xx_hal_uart.o
HAL_MultiProcessor_ExitMuteMode                   Drivers\STM32F1xx_HAL_Driver\stm32f1xx_hal_uart.o
HAL_MultiProcessor_Init                           Drivers\STM32F1xx_HAL_Driver\stm32f1xx_hal_uart.o
HAL_NVIC_ClearPendingIRQ                          Drivers\STM32F1xx_HAL_Driver\stm32f1xx_hal_cortex.o
HAL_NVIC_DisableIRQ                               Drivers\STM32F1xx_HAL_Driver\stm32f1xx_hal_cortex.o
HAL_NVIC_EnableIRQ                                Drivers\STM32F1xx_HAL_Driver\stm32f1xx_hal_cortex.o
                                                  Application\User\stm32f1xx_hal_msp.o
HAL_NVIC_GetActive                                Drivers\STM32F1xx_HAL_Driver\stm32f1xx_hal_cortex.o
HAL_NVIC_GetPendingIRQ                            Drivers\STM32F1xx_HAL_Driver\stm32f1xx_hal_cortex.o
HAL_NVIC_GetPriority                              Drivers\STM32F1xx_HAL_Driver\stm32f1xx_hal_cortex.o
HAL_NVIC_GetPriorityGrouping                      Drivers\STM32F1xx_HAL_Driver\stm32f1xx_hal_cortex.o
HAL_NVIC_SetPendingIRQ                            Drivers\STM32F1xx_HAL_Driver\stm32f1xx_hal_cortex.o
HAL_NVIC_SetPriority                              Drivers\STM32F1xx_HAL_Driver\stm32f1xx_hal_cortex.o
                                                  Application\User\stm32f1xx_hal_msp.o
                                                  Drivers\STM32F1xx_HAL_Driver\stm32f1xx_hal.o
HAL_NVIC_SetPriorityGrouping                      Drivers\STM32F1xx_HAL_Driver\stm32f1xx_hal_cortex.o
                                                  Application\User\stm32f1xx_hal_msp.o
                                                  Drivers\STM32F1xx_HAL_Driver\stm32f1xx_hal.o
HAL_NVIC_SystemReset                              Drivers\STM32F1xx_HAL_Driver\stm32f1xx_hal_cortex.o
                                                  Drivers\STM32F1xx_HAL_Driver\stm32f1xx_hal_flash.o
HAL_PWR_ConfigPVD                                 Drivers\STM32F1xx_HAL_Driver\stm32f1xx_hal_pwr.o
HAL_PWR_DeInit                                    Drivers\STM32F1xx_HAL_Driver\stm32f1xx_hal_pwr.o
HAL_PWR_DisableBkUpAccess                         Drivers\STM32F1xx_HAL_Driver\stm32f1xx_hal_pwr.o
HAL_PWR_DisablePVD                                Drivers\STM32F1xx_HAL_Driver\stm32f1xx_hal_pwr.o
HAL_PWR_DisableSEVOnPend                          Drivers\STM32F1xx_HAL_Driver\stm32f1xx_hal_pwr.o
HAL_PWR_DisableSleepOnExit                        Drivers\STM32F1xx_HAL_Driver\stm32f1xx_hal_pwr.o
HAL_PWR_DisableWakeUpPin                          Drivers\STM32F1xx_HAL_Driver\stm32f1xx_hal_pwr.o
HAL_PWR_EnableBkUpAccess                          Drivers\STM32F1xx_HAL_Driver\stm32f1xx_hal_pwr.o
HAL_PWR_EnablePVD                                 Drivers\STM32F1xx_HAL_Driver\stm32f1xx_hal_pwr.o
HAL_PWR_EnableSEVOnPend                           Drivers\STM32F1xx_HAL_Driver\stm32f1xx_hal_pwr.o
HAL_PWR_EnableSleepOnExit                         Drivers\STM32F1xx_HAL_Driver\stm32f1xx_hal_pwr.o
HAL_PWR_EnableWakeUpPin                           Drivers\STM32F1xx_HAL_Driver\stm32f1xx_hal_pwr.o
HAL_PWR_EnterSLEEPMode                            Drivers\STM32F1xx_HAL_Driver\stm32f1xx_hal_pwr.o
HAL_PWR_EnterSTANDBYMode                          Drivers\STM32F1xx_HAL_Driver\stm32f1xx_hal_pwr.o
HAL_PWR_EnterSTOPMode                             Drivers\STM32F1xx_HAL_Driver\stm32f1xx_hal_pwr.o
HAL_PWR_PVDCallback                               Drivers\STM32F1xx_HAL_Driver\stm32f1xx_hal_pwr.o
HAL_PWR_PVD_IRQHandler                            Drivers\STM32F1xx_HAL_Driver\stm32f1xx_hal_pwr.o
HAL_RCCEx_GetPeriphCLKConfig                      Drivers\STM32F1xx_HAL_Driver\stm32f1xx_hal_rcc_ex.o
HAL_RCCEx_GetPeriphCLKFreq                        Drivers\STM32F1xx_HAL_Driver\stm32f1xx_hal_rcc_ex.o
                                                  Drivers\STM32F1xx_HAL_Driver\stm32f1xx_hal_adc.o
                                                  Drivers\STM32F1xx_HAL_Driver\stm32f1xx_hal_adc_ex.o
HAL_RCCEx_PeriphCLKConfig                         Drivers\STM32F1xx_HAL_Driver\stm32f1xx_hal_rcc_ex.o
HAL_RCC_CSSCallback                               Drivers\STM32F1xx_HAL_Driver\stm32f1xx_hal_rcc.o
HAL_RCC_ClockConfig                               Drivers\STM32F1xx_HAL_Driver\stm32f1xx_hal_rcc.o
                                                  Application\User\main.o
HAL_RCC_DeInit                                    Drivers\STM32F1xx_HAL_Driver\stm32f1xx_hal_rcc.o
HAL_RCC_DisableCSS                                Drivers\STM32F1xx_HAL_Driver\stm32f1xx_hal_rcc.o
HAL_RCC_EnableCSS                                 Drivers\STM32F1xx_HAL_Driver\stm32f1xx_hal_rcc.o
HAL_RCC_GetClockConfig                            Drivers\STM32F1xx_HAL_Driver\stm32f1xx_hal_rcc.o
HAL_RCC_GetHCLKFreq                               Drivers\STM32F1xx_HAL_Driver\stm32f1xx_hal_rcc.o
                                                  Drivers\STM32F1xx_HAL_Driver\stm32f1xx_hal.o
HAL_RCC_GetOscConfig                              Drivers\STM32F1xx_HAL_Driver\stm32f1xx_hal_rcc.o
HAL_RCC_GetPCLK1Freq                              Drivers\STM32F1xx_HAL_Driver\stm32f1xx_hal_rcc.o
                                                  Drivers\STM32F1xx_HAL_Driver\stm32f1xx_hal_i2c.o
                                                  Drivers\STM32F1xx_HAL_Driver\stm32f1xx_hal_uart.o
HAL_RCC_GetPCLK2Freq                              Drivers\STM32F1xx_HAL_Driver\stm32f1xx_hal_rcc.o
                                                  Drivers\STM32F1xx_HAL_Driver\stm32f1xx_hal_rcc_ex.o
                                                  Drivers\STM32F1xx_HAL_Driver\stm32f1xx_hal_uart.o
HAL_RCC_GetSysClockFreq                           Drivers\STM32F1xx_HAL_Driver\stm32f1xx_hal_rcc.o
HAL_RCC_MCOConfig                                 Drivers\STM32F1xx_HAL_Driver\stm32f1xx_hal_rcc.o
HAL_RCC_NMI_IRQHandler                            Drivers\STM32F1xx_HAL_Driver\stm32f1xx_hal_rcc.o
HAL_RCC_OscConfig                                 Drivers\STM32F1xx_HAL_Driver\stm32f1xx_hal_rcc.o
                                                  Application\User\main.o
HAL_ResumeTick                                    Drivers\STM32F1xx_HAL_Driver\stm32f1xx_hal.o
HAL_SYSTICK_CLKSourceConfig                       Drivers\STM32F1xx_HAL_Driver\stm32f1xx_hal_cortex.o
HAL_SYSTICK_Callback                              Drivers\STM32F1xx_HAL_Driver\stm32f1xx_hal_cortex.o
HAL_SYSTICK_Config                                Drivers\STM32F1xx_HAL_Driver\stm32f1xx_hal_cortex.o
                                                  Drivers\STM32F1xx_HAL_Driver\stm32f1xx_hal.o
HAL_SYSTICK_IRQHandler                            Drivers\STM32F1xx_HAL_Driver\stm32f1xx_hal_cortex.o
                                                  Application\User\stm32f1xx_it.o
HAL_SuspendTick                                   Drivers\STM32F1xx_HAL_Driver\stm32f1xx_hal.o
HAL_UART_DMAPause                                 Drivers\STM32F1xx_HAL_Driver\stm32f1xx_hal_uart.o
HAL_UART_DMAResume                                Drivers\STM32F1xx_HAL_Driver\stm32f1xx_hal_uart.o
HAL_UART_DMAStop                                  Drivers\STM32F1xx_HAL_Driver\stm32f1xx_hal_uart.o
HAL_UART_DeInit                                   Drivers\STM32F1xx_HAL_Driver\stm32f1xx_hal_uart.o
HAL_UART_ErrorCallback                            Drivers\STM32F1xx_HAL_Driver\stm32f1xx_hal_uart.o
HAL_UART_GetError                                 Drivers\STM32F1xx_HAL_Driver\stm32f1xx_hal_uart.o
HAL_UART_GetState                                 Drivers\STM32F1xx_HAL_Driver\stm32f1xx_hal_uart.o
HAL_UART_IRQHandler                               Drivers\STM32F1xx_HAL_Driver\stm32f1xx_hal_uart.o
HAL_UART_Init                                     Drivers\STM32F1xx_HAL_Driver\stm32f1xx_hal_uart.o
                                                  Application\User\main.o
HAL_UART_MspDeInit                                Application\User\stm32f1xx_hal_msp.o
                                                  Drivers\STM32F1xx_HAL_Driver\stm32f1xx_hal_uart.o
HAL_UART_MspInit                                  Application\User\stm32f1xx_hal_msp.o
                                                  Drivers\STM32F1xx_HAL_Driver\stm32f1xx_hal_uart.o
HAL_UART_Receive                                  Drivers\STM32F1xx_HAL_Driver\stm32f1xx_hal_uart.o
HAL_UART_Receive_DMA                              Drivers\STM32F1xx_HAL_Driver\stm32f1xx_hal_uart.o
HAL_UART_Receive_IT                               Drivers\STM32F1xx_HAL_Driver\stm32f1xx_hal_uart.o
HAL_UART_RxCpltCallback                           Drivers\STM32F1xx_HAL_Driver\stm32f1xx_hal_uart.o
HAL_UART_RxHalfCpltCallback                       Drivers\STM32F1xx_HAL_Driver\stm32f1xx_hal_uart.o
HAL_UART_Transmit                                 Drivers\STM32F1xx_HAL_Driver\stm32f1xx_hal_uart.o
HAL_UART_Transmit_DMA                             Drivers\STM32F1xx_HAL_Driver\stm32f1xx_hal_uart.o
HAL_UART_Transmit_IT                              Drivers\STM32F1xx_HAL_Driver\stm32f1xx_hal_uart.o
HAL_UART_TxCpltCallback                           Drivers\STM32F1xx_HAL_Driver\stm32f1xx_hal_uart.o
HAL_UART_TxHalfCpltCallback                       Drivers\STM32F1xx_HAL_Driver\stm32f1xx_hal_uart.o
HardFault_Handler                                 Application\TrueSTUDIO\startup_stm32f103xb.o
I2C1_ER_IRQHandler                                Application\TrueSTUDIO\startup_stm32f103xb.o
I2C1_EV_IRQHandler                                Application\TrueSTUDIO\startup_stm32f103xb.o
I2C2_ER_IRQHandler                                Application\TrueSTUDIO\startup_stm32f103xb.o
I2C2_EV_IRQHandler                                Application\TrueSTUDIO\startup_stm32f103xb.o
MemManage_Handler                                 Application\TrueSTUDIO\startup_stm32f103xb.o
NMI_Handler                                       Application\TrueSTUDIO\startup_stm32f103xb.o
PVD_IRQHandler                                    Application\TrueSTUDIO\startup_stm32f103xb.o
PendSV_Handler                                    Application\TrueSTUDIO\startup_stm32f103xb.o
RCC_IRQHandler                                    Application\TrueSTUDIO\startup_stm32f103xb.o
RTC_Alarm_IRQHandler                              Application\TrueSTUDIO\startup_stm32f103xb.o
RTC_IRQHandler                                    Application\TrueSTUDIO\startup_stm32f103xb.o
Reset_Handler                                     Application\TrueSTUDIO\startup_stm32f103xb.o
SPI1_IRQHandler                                   Application\TrueSTUDIO\startup_stm32f103xb.o
SPI2_IRQHandler                                   Application\TrueSTUDIO\startup_stm32f103xb.o
SVC_Handler                                       Application\TrueSTUDIO\startup_stm32f103xb.o
SysTick_Handler                                   Application\User\stm32f1xx_it.o
SystemClock_Config                                Application\User\main.o
SystemCoreClock                                   Drivers\CMSIS\system_stm32f1xx.o
                                                  Drivers\STM32F1xx_HAL_Driver\stm32f1xx_hal_adc.o
                                                  Drivers\STM32F1xx_HAL_Driver\stm32f1xx_hal_adc_ex.o
                                                  Drivers\STM32F1xx_HAL_Driver\stm32f1xx_hal_rcc.o
SystemCoreClockUpdate                             Drivers\CMSIS\system_stm32f1xx.o
SystemInit                                        Drivers\CMSIS\system_stm32f1xx.o
                                                  Application\TrueSTUDIO\startup_stm32f103xb.o
TAMPER_IRQHandler                                 Application\TrueSTUDIO\startup_stm32f103xb.o
TIM1_BRK_IRQHandler                               Application\TrueSTUDIO\startup_stm32f103xb.o
TIM1_CC_IRQHandler                                Application\TrueSTUDIO\startup_stm32f103xb.o
TIM1_TRG_COM_IRQHandler                           Application\TrueSTUDIO\startup_stm32f103xb.o
TIM1_UP_IRQHandler                                Application\TrueSTUDIO\startup_stm32f103xb.o
TIM2_IRQHandler                                   Application\TrueSTUDIO\startup_stm32f103xb.o
TIM3_IRQHandler                                   Application\TrueSTUDIO\startup_stm32f103xb.o
TIM4_IRQHandler                                   Application\TrueSTUDIO\startup_stm32f103xb.o
USART1_IRQHandler                                 Application\TrueSTUDIO\startup_stm32f103xb.o
USART2_IRQHandler                                 Application\TrueSTUDIO\startup_stm32f103xb.o
USART3_IRQHandler                                 Application\TrueSTUDIO\startup_stm32f103xb.o
USBWakeUp_IRQHandler                              Application\TrueSTUDIO\startup_stm32f103xb.o
USB_HP_CAN1_TX_IRQHandler                         Application\TrueSTUDIO\startup_stm32f103xb.o
USB_LP_CAN1_RX0_IRQHandler                        Application\TrueSTUDIO\startup_stm32f103xb.o
UsageFault_Handler                                Application\TrueSTUDIO\startup_stm32f103xb.o
WWDG_IRQHandler                                   Application\TrueSTUDIO\startup_stm32f103xb.o
__deregister_frame_info                           c:/program files (x86)/atollic/truestudio for arm 5.4.0/armtools/bin/../lib/gcc/arm-atollic-eabi/4.8.3/armv7-m/crtbegin.o
__dso_handle                                      c:/program files (x86)/atollic/truestudio for arm 5.4.0/armtools/bin/../lib/gcc/arm-atollic-eabi/4.8.3/armv7-m/crtbegin.o
__init_array_end                                  c:/program files (x86)/atollic/truestudio for arm 5.4.0/armtools/bin/../lib/gcc/arm-atollic-eabi/4.8.3/../../../../arm-atollic-eabi/lib/armv7-m\libc.a(lib_a-init.o)
__init_array_start                                c:/program files (x86)/atollic/truestudio for arm 5.4.0/armtools/bin/../lib/gcc/arm-atollic-eabi/4.8.3/../../../../arm-atollic-eabi/lib/armv7-m\libc.a(lib_a-init.o)
__libc_init_array                                 c:/program files (x86)/atollic/truestudio for arm 5.4.0/armtools/bin/../lib/gcc/arm-atollic-eabi/4.8.3/../../../../arm-atollic-eabi/lib/armv7-m\libc.a(lib_a-init.o)
                                                  Application\TrueSTUDIO\startup_stm32f103xb.o
__preinit_array_end                               c:/program files (x86)/atollic/truestudio for arm 5.4.0/armtools/bin/../lib/gcc/arm-atollic-eabi/4.8.3/../../../../arm-atollic-eabi/lib/armv7-m\libc.a(lib_a-init.o)
__preinit_array_start                             c:/program files (x86)/atollic/truestudio for arm 5.4.0/armtools/bin/../lib/gcc/arm-atollic-eabi/4.8.3/../../../../arm-atollic-eabi/lib/armv7-m\libc.a(lib_a-init.o)
__register_frame_info                             c:/program files (x86)/atollic/truestudio for arm 5.4.0/armtools/bin/../lib/gcc/arm-atollic-eabi/4.8.3/armv7-m/crtbegin.o
_ebss                                             Application\TrueSTUDIO\startup_stm32f103xb.o
_edata                                            Application\TrueSTUDIO\startup_stm32f103xb.o
_estack                                           Application\TrueSTUDIO\startup_stm32f103xb.o
_fini                                             c:/program files (x86)/atollic/truestudio for arm 5.4.0/armtools/bin/../lib/gcc/arm-atollic-eabi/4.8.3/armv7-m/crti.o
_init                                             c:/program files (x86)/atollic/truestudio for arm 5.4.0/armtools/bin/../lib/gcc/arm-atollic-eabi/4.8.3/armv7-m/crti.o
                                                  c:/program files (x86)/atollic/truestudio for arm 5.4.0/armtools/bin/../lib/gcc/arm-atollic-eabi/4.8.3/../../../../arm-atollic-eabi/lib/armv7-m\libc.a(lib_a-init.o)
_sbss                                             Application\TrueSTUDIO\startup_stm32f103xb.o
_sdata                                            Application\TrueSTUDIO\startup_stm32f103xb.o
_sidata                                           Application\TrueSTUDIO\startup_stm32f103xb.o
aAPBAHBPrescTable                                 Drivers\STM32F1xx_HAL_Driver\stm32f1xx_hal_rcc.o
g_pfnVectors                                      Application\TrueSTUDIO\startup_stm32f103xb.o
hadc1                                             Application\User\main.o
hcan                                              Application\User\main.o
hcrc                                              Application\User\main.o
hi2c1                                             Application\User\main.o
hiwdg                                             Application\User\main.o
huart1                                            Application\User\main.o
huart3                                            Application\User\main.o
main                                              Application\User\main.o
                                                  Application\TrueSTUDIO\startup_stm32f103xb.o
pFlash                                            Drivers\STM32F1xx_HAL_Driver\stm32f1xx_hal_flash.o
                                                  Drivers\STM32F1xx_HAL_Driver\stm32f1xx_hal_flash_ex.o
